Archive member included because of file (symbol)

C:/Users/janwe/AppData/Local/Rowley Associates Limited/CrossWorks for ARM/packages/lib/liblpc2000_v4t_a_le_eabi.a(liblpc2000_lpc21xx_get_cclk.o)
                              ARM Flash Debug/LPC210x.o (liblpc2000_lpc21xx_get_cclk)
C:/Users/janwe/AppData/Local/Rowley Associates Limited/CrossWorks for ARM/packages/lib/liblpc2000_v4t_a_le_eabi.a(liblpc2000_lpc21xx_get_pclk.o)
                              ARM Flash Debug/LPC210x.o (liblpc2000_lpc21xx_get_pclk)
C:/Program Files (x86)/Rowley Associates Limited/CrossWorks for ARM 2.3/lib/libc_v4t_a_le_eabi.a(__vfprintf_double_long_long.o)
                              (__vfprintf_double_long_long)
C:/Program Files (x86)/Rowley Associates Limited/CrossWorks for ARM 2.3/lib/libc_v4t_a_le_eabi.a(__vfscanf_int.o)
                              (__vfscanf_int)
C:/Program Files (x86)/Rowley Associates Limited/CrossWorks for ARM 2.3/lib/libc_v4t_a_le_eabi.a(libc_asm.o)
                              C:/Program Files (x86)/Rowley Associates Limited/CrossWorks for ARM 2.3/lib/libc_v4t_a_le_eabi.a(__vfprintf_double_long_long.o) (__aeabi_uldivmod)
C:/Program Files (x86)/Rowley Associates Limited/CrossWorks for ARM 2.3/lib/libc_v4t_a_le_eabi.a(libc2.o)
                              C:/Program Files (x86)/Rowley Associates Limited/CrossWorks for ARM 2.3/lib/libc_v4t_a_le_eabi.a(__vfscanf_int.o) (__getc)
C:/Program Files (x86)/Rowley Associates Limited/CrossWorks for ARM 2.3/lib/libc_v4t_a_le_eabi.a(libc2_asm.o)
                              C:/Program Files (x86)/Rowley Associates Limited/CrossWorks for ARM 2.3/lib/libc_v4t_a_le_eabi.a(libc2.o) (memcpy)
C:/Program Files (x86)/Rowley Associates Limited/CrossWorks for ARM 2.3/lib/libdebugio_v4t_a_le_eabi.a(libdebugio.o)
                              (__do_debug_operation_dcc)
C:/Program Files (x86)/Rowley Associates Limited/CrossWorks for ARM 2.3/lib/libc_user_libc_v4t_a_le_eabi.a(user_libc.o)
                              C:/Program Files (x86)/Rowley Associates Limited/CrossWorks for ARM 2.3/lib/libc_v4t_a_le_eabi.a(libc2.o) (__errno)
C:/Program Files (x86)/Rowley Associates Limited/CrossWorks for ARM 2.3/lib/libarm_v4t_a_le_eabi.a(libarm.o)
                              C:/Program Files (x86)/Rowley Associates Limited/CrossWorks for ARM 2.3/lib/libdebugio_v4t_a_le_eabi.a(libdebugio.o) (libarm_dcc_write)
C:/Program Files (x86)/Rowley Associates Limited/CrossWorks for ARM 2.3/lib/libarm_v4t_a_le_eabi.a(libarm_run_dcc_port_server.o)
                              C:/Program Files (x86)/Rowley Associates Limited/CrossWorks for ARM 2.3/lib/libdebugio_v4t_a_le_eabi.a(libdebugio.o) (libarm_run_dcc_port_server)
C:/Program Files (x86)/Rowley Associates Limited/CrossWorks for ARM 2.3/lib/libm_v4t_a_le_eabi.a(libm_asm.o)
                              C:/Program Files (x86)/Rowley Associates Limited/CrossWorks for ARM 2.3/lib/libc_v4t_a_le_eabi.a(libc2.o) (__aeabi_i2f)
C:/Program Files (x86)/Rowley Associates Limited/CrossWorks for ARM 2.3/lib/libm_v4t_a_le_eabi.a(libm2.o)
                              C:/Program Files (x86)/Rowley Associates Limited/CrossWorks for ARM 2.3/lib/libc_v4t_a_le_eabi.a(__vfprintf_double_long_long.o) (frexp)
C:/Program Files (x86)/Rowley Associates Limited/CrossWorks for ARM 2.3/lib/libm_v4t_a_le_eabi.a(libm2_asm.o)
                              C:/Program Files (x86)/Rowley Associates Limited/CrossWorks for ARM 2.3/lib/libm_v4t_a_le_eabi.a(libm2.o) (fabs)

Discarded input sections

 .text          0x00000000        0x0 ARM Flash Debug/another_main.o
 .data          0x00000000        0x0 ARM Flash Debug/another_main.o
 .bss           0x00000000        0x0 ARM Flash Debug/another_main.o
 .text          0x00000000        0x0 ARM Flash Debug/gpio.o
 .data          0x00000000        0x0 ARM Flash Debug/gpio.o
 .bss           0x00000000        0x0 ARM Flash Debug/gpio.o
 .text.init_pin_0
                0x00000000       0x40 ARM Flash Debug/gpio.o
 .text.init_pin_1
                0x00000000       0x40 ARM Flash Debug/gpio.o
 .text.get_pin_value_0
                0x00000000       0x3c ARM Flash Debug/gpio.o
 .text.set_pin_value
                0x00000000       0x70 ARM Flash Debug/gpio.o
 .text          0x00000000        0x0 ARM Flash Debug/keypad.o
 .data          0x00000000        0x0 ARM Flash Debug/keypad.o
 .bss           0x00000000        0x0 ARM Flash Debug/keypad.o
 .text          0x00000000        0x0 ARM Flash Debug/HD44780U.o
 .data          0x00000000        0x0 ARM Flash Debug/HD44780U.o
 .bss           0x00000000        0x0 ARM Flash Debug/HD44780U.o
 .bss.characterCount
                0x00000000        0x4 ARM Flash Debug/HD44780U.o
 .data.characterNewPageDelay
                0x00000000        0x4 ARM Flash Debug/HD44780U.o
 .text.LCD_WriteString
                0x00000000       0xf4 ARM Flash Debug/HD44780U.o
 .text.LCD_Linebreak
                0x00000000       0x1c ARM Flash Debug/HD44780U.o
[...]
Memory Configuration

Name             Origin             Length             Attributes
UNPLACED_SECTIONS 0xffffffff         0x00000000         xw
AHB_Peripherals  0xffe00000         0x00200000         xw
VPB_Peripherals  0xe0000000         0x00200000         xw
SRAM             0x40000000         0x00004000         xw
FLASH            0x00000000         0x00040000         xr
*default*        0x00000000         0xffffffff

Linker script and memory map

                0x00002bd0                __do_debug_operation = __do_debug_operation_dcc
                0x000009b8                __vfprintf = __vfprintf_double_long_long
                0x00002270                __vfscanf = __vfscanf_int
                0xffe00000                __AHB_Peripherals_segment_start__ = 0xffe00000
                0x00000000                __AHB_Peripherals_segment_end__ = 0x0
                0xe0000000                __VPB_Peripherals_segment_start__ = 0xe0000000
                0xe0200000                __VPB_Peripherals_segment_end__ = 0xe0200000
                0x40000000                __SRAM_segment_start__ = 0x40000000
                0x40004000                __SRAM_segment_end__ = 0x40004000
                0x00000000                __FLASH_segment_start__ = 0x0
                0x00040000                __FLASH_segment_end__ = 0x40000
                0x00000400                __STACKSIZE__ = 0x400
                0x00000100                __STACKSIZE_IRQ__ = 0x100
                0x00000100                __STACKSIZE_FIQ__ = 0x100
                0x00000000                __STACKSIZE_SVC__ = 0x0
                0x00000000                __STACKSIZE_ABT__ = 0x0
                0x00000000                __STACKSIZE_UND__ = 0x0
                0x00000400                __HEAPSIZE__ = 0x400
                0x40000000                __vectors_ram_load_start__ = __SRAM_segment_start__

.vectors_ram    0x40000000       0x3c
                0x40000000                __vectors_ram_start__ = .
 *(.vectors_ram .vectors_ram.*)
                0x4000003c                . = MAX ((__vectors_ram_start__ + 0x3c), .)
 *fill*         0x40000000       0x3c 00
                0x4000003c                __vectors_ram_end__ = (__vectors_ram_start__ + SIZEOF (.vectors_ram))
                0x4000003c                __vectors_ram_load_end__ = __vectors_ram_end__
                0x00000001                . = ASSERT (((__vectors_ram_end__ >= __SRAM_segment_start__) && (__vectors_ram_end__ <= __SRAM_segment_end__)), error: .vectors_ram is too large to fit in SRAM memory segment)
                0x00000000                __vectors_load_start__ = __FLASH_segment_start__

.vectors        0x00000000       0x3c
                0x00000000                __vectors_start__ = .
 *(.vectors .vectors.*)
 .vectors       0x00000000       0x3c ARM Flash Debug/Philips_LPC210X_Startup.o
                0x00000000                _vectors
                0x0000003c                __vectors_end__ = (__vectors_start__ + SIZEOF (.vectors))
                0x0000003c                __vectors_load_end__ = __vectors_end__
                0x00000001                . = ASSERT (((__vectors_end__ >= __FLASH_segment_start__) && (__vectors_end__ <= __FLASH_segment_end__)), error: .vectors is too large to fit in FLASH memory segment)
                0x0000003c                __init_load_start__ = ALIGN (__vectors_end__, 0x4)

.init           0x0000003c      0x2a0
                0x0000003c                __init_start__ = .
 *(.init .init.*)
 *fill*         0x0000003c        0x4 00
 .init          0x00000040      0x210 ARM Flash Debug/crt0.o
                0x00000040                __start
                0x00000040                _start
                0x00000170                exit
                0x000001cc                __getchar
                0x000001cc                __putchar
 .init          0x00000250       0x8c ARM Flash Debug/Philips_LPC210X_Startup.o
                0x00000250                reset_handler
                0x000002c0                undef_handler
                0x000002c4                swi_handler
                0x000002c8                pabort_handler
                0x000002cc                dabort_handler
                0x000002d0                fiq_handler
                0x000002dc                __init_end__ = (__init_start__ + SIZEOF (.init))
                0x000002dc                __init_load_end__ = __init_end__
                0x00000001                . = ASSERT (((__init_end__ >= __FLASH_segment_start__) && (__init_end__ <= __FLASH_segment_end__)), error: .init is too large to fit in FLASH memory segment)
                0x000002dc                __text_load_start__ = ALIGN (__init_end__, 0x4)

.text           0x000002dc     0x378c
                0x000002dc                __text_start__ = .
 *(.text .text.* .glue_7t .glue_7 .gnu.linkonce.t.* .gcc_except_table .ARM.extab* .gnu.linkonce.armextab.*)
 .glue_7        0x00000000        0x0 linker stubs
 .glue_7t       0x00000000        0x0 linker stubs
 .text.main     0x000002dc       0x38 ARM Flash Debug/another_main.o
                0x000002dc                main
 .text.get_pin_value_1
                0x00000314       0x3c ARM Flash Debug/gpio.o
                0x00000314                get_pin_value_1
 .text.init_keypad
                0x00000350       0x48 ARM Flash Debug/keypad.o
                0x00000350                init_keypad
 .text.wait_and_get_key
                0x00000398      0x404 ARM Flash Debug/keypad.o
                0x00000398                wait_and_get_key
 .text.LCD_Cmd  0x0000079c       0x40 ARM Flash Debug/HD44780U.o
                0x0000079c                LCD_Cmd
 .text.LCD_Enable
                0x000007dc       0x4c ARM Flash Debug/HD44780U.o
                0x000007dc                LCD_Enable
 .text.delay    0x00000828       0x60 ARM Flash Debug/HD44780U.o
                0x00000828                delay
 .text.LCD_WriteChar
                0x00000888       0x50 ARM Flash Debug/HD44780U.o
                0x00000888                LCD_WriteChar
 .text.LCD_Init
                0x000008d8       0x70 ARM Flash Debug/HD44780U.o
                0x000008d8                LCD_Init
 .text.LCD_Clear
                0x00000948       0x2c ARM Flash Debug/HD44780U.o
                0x00000948                LCD_Clear
 .text          0x00000974       0x44 ARM Flash Debug/VIC_irq_handler.o
                0x00000974                irq_handler
 .text.libc.__vfprintf_double_long_long
                0x000009b8     0x1690 C:/Program Files (x86)/Rowley Associates Limited/CrossWorks for ARM 2.3/lib/libc_v4t_a_le_eabi.a(__vfprintf_double_long_long.o)
                0x000009b8                __vfprintf_double_long_long
 .text.libc.__ungetc
                0x00002048       0x40 C:/Program Files (x86)/Rowley Associates Limited/CrossWorks for ARM 2.3/lib/libc_v4t_a_le_eabi.a(__vfscanf_int.o)
 .text.libc.rd_int
                0x00002088      0x1e8 C:/Program Files (x86)/Rowley Associates Limited/CrossWorks for ARM 2.3/lib/libc_v4t_a_le_eabi.a(__vfscanf_int.o)
 .text.libc.__vfscanf_int
                0x00002270      0x5d4 C:/Program Files (x86)/Rowley Associates Limited/CrossWorks for ARM 2.3/lib/libc_v4t_a_le_eabi.a(__vfscanf_int.o)
                0x00002270                __vfscanf_int
 *fill*         0x00002844        0xc 00
 .text.libc.__int64_udivmod
                0x00002850       0x90 C:/Program Files (x86)/Rowley Associates Limited/CrossWorks for ARM 2.3/lib/libc_v4t_a_le_eabi.a(libc_asm.o)
                0x00002850                __aeabi_uldivmod
                0x00002850                __int64_udiv
                0x00002850                __udivdi3
                0x00002850                __int64_udivmod
 .text.libc.__getc
                0x000028e0       0x4c C:/Program Files (x86)/Rowley Associates Limited/CrossWorks for ARM 2.3/lib/libc_v4t_a_le_eabi.a(libc2.o)
                0x000028e0                __getc
 .text.libc.__RAL_pow10
                0x0000292c       0x98 C:/Program Files (x86)/Rowley Associates Limited/CrossWorks for ARM 2.3/lib/libc_v4t_a_le_eabi.a(libc2.o)
                0x0000292c                __RAL_pow10
 .text.libc.__putc
                0x000029c4       0x6c C:/Program Files (x86)/Rowley Associates Limited/CrossWorks for ARM 2.3/lib/libc_v4t_a_le_eabi.a(libc2.o)
                0x000029c4                __putc
 .text.libc.__print_padding
                0x00002a30       0x34 C:/Program Files (x86)/Rowley Associates Limited/CrossWorks for ARM 2.3/lib/libc_v4t_a_le_eabi.a(libc2.o)
                0x00002a30                __print_padding
 .text.libc.__pre_padding
                0x00002a64       0x28 C:/Program Files (x86)/Rowley Associates Limited/CrossWorks for ARM 2.3/lib/libc_v4t_a_le_eabi.a(libc2.o)
                0x00002a64                __pre_padding
 .text.libc.abs
                0x00002a8c        0xc C:/Program Files (x86)/Rowley Associates Limited/CrossWorks for ARM 2.3/lib/libc_v4t_a_le_eabi.a(libc2.o)
                0x00002a8c                abs
 .text.libc.isupper
                0x00002a98       0x14 C:/Program Files (x86)/Rowley Associates Limited/CrossWorks for ARM 2.3/lib/libc_v4t_a_le_eabi.a(libc2.o)
                0x00002a98                isupper
 .text.libc.islower
                0x00002aac       0x14 C:/Program Files (x86)/Rowley Associates Limited/CrossWorks for ARM 2.3/lib/libc_v4t_a_le_eabi.a(libc2.o)
                0x00002aac                islower
 .text.libc.isdigit
                0x00002ac0       0x14 C:/Program Files (x86)/Rowley Associates Limited/CrossWorks for ARM 2.3/lib/libc_v4t_a_le_eabi.a(libc2.o)
                0x00002ac0                isdigit
 .text.libc.__digit
                0x00002ad4       0x54 C:/Program Files (x86)/Rowley Associates Limited/CrossWorks for ARM 2.3/lib/libc_v4t_a_le_eabi.a(libc2.o)
                0x00002ad4                __digit
 .text.libc.isspace
                0x00002b28       0x18 C:/Program Files (x86)/Rowley Associates Limited/CrossWorks for ARM 2.3/lib/libc_v4t_a_le_eabi.a(libc2.o)
                0x00002b28                isspace
 .text.libc.strlen
                0x00002b40       0x90 C:/Program Files (x86)/Rowley Associates Limited/CrossWorks for ARM 2.3/lib/libc_v4t_a_le_eabi.a(libc2_asm.o)
                0x00002b40                strlen
 .text.libdebugio.__do_debug_operation_dcc
                0x00002bd0       0x40 C:/Program Files (x86)/Rowley Associates Limited/CrossWorks for ARM 2.3/lib/libdebugio_v4t_a_le_eabi.a(libdebugio.o)
                0x00002bd0                __do_debug_operation_dcc
 .text.libc.__errno
                0x00002c10        0xc C:/Program Files (x86)/Rowley Associates Limited/CrossWorks for ARM 2.3/lib/libc_user_libc_v4t_a_le_eabi.a(user_libc.o)
                0x00002c10                __errno
 .text.libc.__debug_io_lock
                0x00002c1c        0x4 C:/Program Files (x86)/Rowley Associates Limited/CrossWorks for ARM 2.3/lib/libc_user_libc_v4t_a_le_eabi.a(user_libc.o)
                0x00002c1c                __debug_io_lock
 .text.libc.__debug_io_unlock
                0x00002c20        0x4 C:/Program Files (x86)/Rowley Associates Limited/CrossWorks for ARM 2.3/lib/libc_user_libc_v4t_a_le_eabi.a(user_libc.o)
                0x00002c20                __debug_io_unlock
 *fill*         0x00002c24        0xc 00
 .text.libdebugio_dcc.libarm_dcc_read
                0x00002c30       0x20 C:/Program Files (x86)/Rowley Associates Limited/CrossWorks for ARM 2.3/lib/libarm_v4t_a_le_eabi.a(libarm.o)
                0x00002c30                libarm_dcc_read
 .text.libdebugio_dcc.libarm_dcc_write
                0x00002c50       0x20 C:/Program Files (x86)/Rowley Associates Limited/CrossWorks for ARM 2.3/lib/libarm_v4t_a_le_eabi.a(libarm.o)
                0x00002c50                libarm_dcc_write
 .text.libarm.libarm_run_dcc_port_server
                0x00002c70      0x230 C:/Program Files (x86)/Rowley Associates Limited/CrossWorks for ARM 2.3/lib/libarm_v4t_a_le_eabi.a(libarm_run_dcc_port_server.o)
                0x00002c70                libarm_run_dcc_port_server
 .text.libc.__int64_to_float64
                0x00002ea0       0xc0 C:/Program Files (x86)/Rowley Associates Limited/CrossWorks for ARM 2.3/lib/libm_v4t_a_le_eabi.a(libm_asm.o)
                0x00002ea0                __int64_to_float64
                0x00002ea0                __aeabi_l2d
                0x00002ea0                __floatdidf
                0x00002ec4                __RAL_aeabi_l2d_common
 .text.libc.__uint64_to_float64
                0x00002f60       0x20 C:/Program Files (x86)/Rowley Associates Limited/CrossWorks for ARM 2.3/lib/libm_v4t_a_le_eabi.a(libm_asm.o)
                0x00002f60                __aeabi_ul2d
                0x00002f60                __floatundidf
                0x00002f60                __uint64_to_float64
 .text.libc.__float64_to_uint64
                0x00002f80       0x70 C:/Program Files (x86)/Rowley Associates Limited/CrossWorks for ARM 2.3/lib/libm_v4t_a_le_eabi.a(libm_asm.o)
                0x00002f80                __fixunsdfdi
                0x00002f80                __float64_to_uint64
                0x00002f80                __aeabi_d2ulz
 .text.libc.__float64_add
                0x00002ff0      0x350 C:/Program Files (x86)/Rowley Associates Limited/CrossWorks for ARM 2.3/lib/libm_v4t_a_le_eabi.a(libm_asm.o)
                0x00002ff0                __aeabi_drsub
                0x00002ff8                __aeabi_dsub
                0x00002ff8                __float64_sub
                0x00002ff8                __subdf3
                0x00002ffc                __aeabi_dadd
                0x00002ffc                __float64_add
                0x00002ffc                __adddf3
 .text.libc.__float64_mul
                0x00003340      0x1b0 C:/Program Files (x86)/Rowley Associates Limited/CrossWorks for ARM 2.3/lib/libm_v4t_a_le_eabi.a(libm_asm.o)
                0x00003340                __float64_mul
                0x00003340                __muldf3
                0x00003340                __aeabi_dmul
 .text.libc.__float64_div
                0x000034f0      0x330 C:/Program Files (x86)/Rowley Associates Limited/CrossWorks for ARM 2.3/lib/libm_v4t_a_le_eabi.a(libm_asm.o)
                0x000034f0                __divdf3
                0x000034f0                __float64_div
                0x000034f0                __aeabi_ddiv
 .text.libc.__float64_cmpeq
                0x00003820       0x40 C:/Program Files (x86)/Rowley Associates Limited/CrossWorks for ARM 2.3/lib/libm_v4t_a_le_eabi.a(libm_asm.o)
                0x00003820                __aeabi_dcmpeq
 .text.libc.__float64_cmpge
                0x00003860       0x60 C:/Program Files (x86)/Rowley Associates Limited/CrossWorks for ARM 2.3/lib/libm_v4t_a_le_eabi.a(libm_asm.o)
                0x00003860                __aeabi_dcmpge
 .text.libc.__float64_cmplt
                0x000038c0       0x60 C:/Program Files (x86)/Rowley Associates Limited/CrossWorks for ARM 2.3/lib/libm_v4t_a_le_eabi.a(libm_asm.o)
                0x000038c0                __aeabi_dcmplt
 .text.libc.__float64_isinf
                0x00003920       0x20 C:/Program Files (x86)/Rowley Associates Limited/CrossWorks for ARM 2.3/lib/libm_v4t_a_le_eabi.a(libm_asm.o)
                0x00003920                __float64_isinf
 .text.libc.__float64_isnan
                0x00003940       0x20 C:/Program Files (x86)/Rowley Associates Limited/CrossWorks for ARM 2.3/lib/libm_v4t_a_le_eabi.a(libm_asm.o)
                0x00003940                __float64_isnan
 .text.libc.frexp
                0x00003960       0x6c C:/Program Files (x86)/Rowley Associates Limited/CrossWorks for ARM 2.3/lib/libm_v4t_a_le_eabi.a(libm2.o)
                0x00003960                frexp
 .text.libc.ldexp
                0x000039cc       0x9c C:/Program Files (x86)/Rowley Associates Limited/CrossWorks for ARM 2.3/lib/libm_v4t_a_le_eabi.a(libm2.o)
                0x000039cc                ldexp
                0x00003a68                __text_end__ = (__text_start__ + SIZEOF (.text))
                0x00003a68                __text_load_end__ = __text_end__

.vfp11_veneer   0x00000000        0x0
 .vfp11_veneer  0x00000000        0x0 linker stubs

.v4_bx          0x00000000        0x0
 .v4_bx         0x00000000        0x0 linker stubs

.iplt           0x00000000        0x0
 .iplt          0x00000000        0x0 ARM Flash Debug/another_main.o
                0x00000001                . = ASSERT (((__text_end__ >= __FLASH_segment_start__) && (__text_end__ <= __FLASH_segment_end__)), error: .text is too large to fit in FLASH memory segment)
                0x00003a68                __dtors_load_start__ = ALIGN (__text_end__, 0x4)

.dtors          0x00003a68        0x0
                0x00003a68                __dtors_start__ = .
 *(SORT(.dtors.*))
 *(.dtors)
 *(.fini_array .fini_array.*)
                0x00003a68                __dtors_end__ = (__dtors_start__ + SIZEOF (.dtors))
                0x00003a68                __dtors_load_end__ = __dtors_end__
                0x00000001                . = ASSERT (((__dtors_end__ >= __FLASH_segment_start__) && (__dtors_end__ <= __FLASH_segment_end__)), error: .dtors is too large to fit in FLASH memory segment)
                0x00003a68                __ctors_load_start__ = ALIGN (__dtors_end__, 0x4)

.ctors          0x00003a68        0x0
                0x00003a68                __ctors_start__ = .
 *(SORT(.ctors.*))
 *(.ctors)
 *(.init_array .init_array.*)
                0x00003a68                __ctors_end__ = (__ctors_start__ + SIZEOF (.ctors))
                0x00003a68                __ctors_load_end__ = __ctors_end__
                0x00000001                . = ASSERT (((__ctors_end__ >= __FLASH_segment_start__) && (__ctors_end__ <= __FLASH_segment_end__)), error: .ctors is too large to fit in FLASH memory segment)
                0x00003a68                __rodata_load_start__ = ALIGN (__ctors_end__, 0x4)

.rodata         0x00003a68      0x148
                0x00003a68                __rodata_start__ = .
 *(.rodata .rodata.* .gnu.linkonce.r.*)
 .rodata.libc.str1.4
                0x00003a68       0x34 C:/Program Files (x86)/Rowley Associates Limited/CrossWorks for ARM 2.3/lib/libc_v4t_a_le_eabi.a(__vfprintf_double_long_long.o)
 *fill*         0x00003a9c        0x4 00
 .rodata.libc.ipow10
                0x00003aa0       0xa0 C:/Program Files (x86)/Rowley Associates Limited/CrossWorks for ARM 2.3/lib/libc_v4t_a_le_eabi.a(__vfprintf_double_long_long.o)
 .rodata.libc.__hex_lc
                0x00003b40       0x10 C:/Program Files (x86)/Rowley Associates Limited/CrossWorks for ARM 2.3/lib/libc_v4t_a_le_eabi.a(libc2.o)
                0x00003b40                __hex_lc
 .rodata.libc.power
                0x00003b50       0x48 C:/Program Files (x86)/Rowley Associates Limited/CrossWorks for ARM 2.3/lib/libc_v4t_a_le_eabi.a(libc2.o)
 .rodata.libc.__hex_uc
                0x00003b98       0x10 C:/Program Files (x86)/Rowley Associates Limited/CrossWorks for ARM 2.3/lib/libc_v4t_a_le_eabi.a(libc2.o)
                0x00003b98                __hex_uc
 .rodata.libc.__float64_infinity
                0x00003ba8        0x8 C:/Program Files (x86)/Rowley Associates Limited/CrossWorks for ARM 2.3/lib/libm_v4t_a_le_eabi.a(libm_asm.o)
                0x00003ba8                __float64_infinity
                0x00003bb0                __rodata_end__ = (__rodata_start__ + SIZEOF (.rodata))
                0x00003bb0                __rodata_load_end__ = __rodata_end__

.rel.dyn        0x00000000        0x0
 .rel.iplt      0x00000000        0x0 ARM Flash Debug/another_main.o
                0x00000001                . = ASSERT (((__rodata_end__ >= __FLASH_segment_start__) && (__rodata_end__ <= __FLASH_segment_end__)), error: .rodata is too large to fit in FLASH memory segment)
                0x00003bb0                __ARM.exidx_load_start__ = ALIGN (__rodata_end__, 0x4)

.ARM.exidx      0x00003bb0        0x0
                0x00003bb0                __ARM.exidx_start__ = .
                0x00003bb0                __exidx_start = __ARM.exidx_start__
 *(.ARM.exidx .ARM.exidx.*)
                0x00003bb0                __ARM.exidx_end__ = (__ARM.exidx_start__ + SIZEOF (.ARM.exidx))
                0x00003bb0                __exidx_end = __ARM.exidx_end__
                0x00003bb0                __ARM.exidx_load_end__ = __ARM.exidx_end__
                0x00000001                . = ASSERT (((__ARM.exidx_end__ >= __FLASH_segment_start__) && (__ARM.exidx_end__ <= __FLASH_segment_end__)), error: .ARM.exidx is too large to fit in FLASH memory segment)
                0x00003bb0                __fast_load_start__ = ALIGN (__ARM.exidx_end__, 0x4)

.fast           0x4000003c        0x0 load address 0x00003bb0
                0x4000003c                __fast_start__ = .
 *(.fast .fast.*)
                0x4000003c                __fast_end__ = (__fast_start__ + SIZEOF (.fast))
                0x00003bb0                __fast_load_end__ = (__fast_load_start__ + SIZEOF (.fast))
                0x00000001                . = ASSERT (((__fast_load_end__ >= __FLASH_segment_start__) && (__fast_load_end__ <= __FLASH_segment_end__)), error: .fast is too large to fit in FLASH memory segment)

.fast_run       0x4000003c        0x0
                0x4000003c                __fast_run_start__ = .
                0x4000003c                . = MAX ((__fast_run_start__ + SIZEOF (.fast)), .)
                0x4000003c                __fast_run_end__ = (__fast_run_start__ + SIZEOF (.fast_run))
                0x4000003c                __fast_run_load_end__ = __fast_run_end__
                0x00000001                . = ASSERT (((__fast_run_end__ >= __SRAM_segment_start__) && (__fast_run_end__ <= __SRAM_segment_end__)), error: .fast_run is too large to fit in SRAM memory segment)
                0x00003bb0                __data_load_start__ = ALIGN ((__fast_load_start__ + SIZEOF (.fast)), 0x4)

.data           0x4000003c        0x0 load address 0x00003bb0
                0x4000003c                __data_start__ = .
 *(.data .data.* .gnu.linkonce.d.*)
                0x4000003c                __data_end__ = (__data_start__ + SIZEOF (.data))
                0x00003bb0                __data_load_end__ = (__data_load_start__ + SIZEOF (.data))

.igot.plt       0x00000000        0x0
 .igot.plt      0x00000000        0x0 ARM Flash Debug/another_main.o
                0x00000001                . = ASSERT (((__data_load_end__ >= __FLASH_segment_start__) && (__data_load_end__ <= __FLASH_segment_end__)), error: .data is too large to fit in FLASH memory segment)

.data_run       0x4000003c        0x0
                0x4000003c                __data_run_start__ = .
                0x4000003c                . = MAX ((__data_run_start__ + SIZEOF (.data)), .)
                0x4000003c                __data_run_end__ = (__data_run_start__ + SIZEOF (.data_run))
                0x4000003c                __data_run_load_end__ = __data_run_end__
                0x00000001                . = ASSERT (((__data_run_end__ >= __SRAM_segment_start__) && (__data_run_end__ <= __SRAM_segment_end__)), error: .data_run is too large to fit in SRAM memory segment)
                0x4000003c                __bss_load_start__ = ALIGN (__data_run_end__, 0x4)

.bss            0x4000003c        0x8
                0x4000003c                __bss_start__ = .
 *(.bss .bss.* .gnu.linkonce.b.*)
 .bss.libc.__format_extender
                0x4000003c        0x4 C:/Program Files (x86)/Rowley Associates Limited/CrossWorks for ARM 2.3/lib/libc_v4t_a_le_eabi.a(libc2.o)
                0x4000003c                __format_extender
 .bss.libc.errno
                0x40000040        0x4 C:/Program Files (x86)/Rowley Associates Limited/CrossWorks for ARM 2.3/lib/libc_user_libc_v4t_a_le_eabi.a(user_libc.o)
 *(COMMON)
                0x40000044                __bss_end__ = (__bss_start__ + SIZEOF (.bss))
                0x40000044                __bss_load_end__ = __bss_end__
                0x00000001                . = ASSERT (((__bss_end__ >= __SRAM_segment_start__) && (__bss_end__ <= __SRAM_segment_end__)), error: .bss is too large to fit in SRAM memory segment)
                0x40000044                __non_init_load_start__ = ALIGN (__bss_end__, 0x4)

.non_init       0x40000044        0x0
                0x40000044                __non_init_start__ = .
 *(.non_init .non_init.*)
                0x40000044                __non_init_end__ = (__non_init_start__ + SIZEOF (.non_init))
                0x40000044                __non_init_load_end__ = __non_init_end__
                0x00000001                . = ASSERT (((__non_init_end__ >= __SRAM_segment_start__) && (__non_init_end__ <= __SRAM_segment_end__)), error: .non_init is too large to fit in SRAM memory segment)
                0x40000044                __heap_load_start__ = ALIGN (__non_init_end__, 0x4)

.heap           0x40000044      0x400
                0x40000044                __heap_start__ = .
 *(.heap .heap.*)
                0x40000444                . = ALIGN (MAX ((__heap_start__ + __HEAPSIZE__), .), 0x4)
 *fill*         0x40000044      0x400 00
                0x40000444                __heap_end__ = (__heap_start__ + SIZEOF (.heap))
                0x40000444                __heap_load_end__ = __heap_end__
                0x00000001                . = ASSERT (((__heap_end__ >= __SRAM_segment_start__) && (__heap_end__ <= __SRAM_segment_end__)), error: .heap is too large to fit in SRAM memory segment)
                0x40000444                __stack_load_start__ = ALIGN (__heap_end__, 0x4)

.stack          0x40000444      0x400
                0x40000444                __stack_start__ = .
 *(.stack .stack.*)
                0x40000844                . = ALIGN (MAX ((__stack_start__ + __STACKSIZE__), .), 0x4)
 *fill*         0x40000444      0x400 00
                0x40000844                __stack_end__ = (__stack_start__ + SIZEOF (.stack))
                0x40000844                __stack_load_end__ = __stack_end__
                0x00000001                . = ASSERT (((__stack_end__ >= __SRAM_segment_start__) && (__stack_end__ <= __SRAM_segment_end__)), error: .stack is too large to fit in SRAM memory segment)
                0x40000844                __stack_irq_load_start__ = ALIGN (__stack_end__, 0x4)

.stack_irq      0x40000844      0x100
                0x40000844                __stack_irq_start__ = .
 *(.stack_irq .stack_irq.*)
                0x40000944                . = ALIGN (MAX ((__stack_irq_start__ + __STACKSIZE_IRQ__), .), 0x4)
 *fill*         0x40000844      0x100 00
                0x40000944                __stack_irq_end__ = (__stack_irq_start__ + SIZEOF (.stack_irq))
                0x40000944                __stack_irq_load_end__ = __stack_irq_end__
                0x00000001                . = ASSERT (((__stack_irq_end__ >= __SRAM_segment_start__) && (__stack_irq_end__ <= __SRAM_segment_end__)), error: .stack_irq is too large to fit in SRAM memory segment)
                0x40000944                __stack_fiq_load_start__ = ALIGN (__stack_irq_end__, 0x4)

.stack_fiq      0x40000944      0x100
                0x40000944                __stack_fiq_start__ = .
 *(.stack_fiq .stack_fiq.*)
                0x40000a44                . = ALIGN (MAX ((__stack_fiq_start__ + __STACKSIZE_FIQ__), .), 0x4)
 *fill*         0x40000944      0x100 00
                0x40000a44                __stack_fiq_end__ = (__stack_fiq_start__ + SIZEOF (.stack_fiq))
                0x40000a44                __stack_fiq_load_end__ = __stack_fiq_end__
                0x00000001                . = ASSERT (((__stack_fiq_end__ >= __SRAM_segment_start__) && (__stack_fiq_end__ <= __SRAM_segment_end__)), error: .stack_fiq is too large to fit in SRAM memory segment)
                0x40000a44                __stack_svc_load_start__ = ALIGN (__stack_fiq_end__, 0x4)

.stack_svc      0x40000a44        0x0
                0x40000a44                __stack_svc_start__ = .
 *(.stack_svc .stack_svc.*)
                0x40000a44                . = ALIGN (MAX ((__stack_svc_start__ + __STACKSIZE_SVC__), .), 0x4)
                0x40000a44                __stack_svc_end__ = (__stack_svc_start__ + SIZEOF (.stack_svc))
                0x40000a44                __stack_svc_load_end__ = __stack_svc_end__
                0x00000001                . = ASSERT (((__stack_svc_end__ >= __SRAM_segment_start__) && (__stack_svc_end__ <= __SRAM_segment_end__)), error: .stack_svc is too large to fit in SRAM memory segment)
                0x40000a44                __stack_abt_load_start__ = ALIGN (__stack_svc_end__, 0x4)

.stack_abt      0x40000a44        0x0
                0x40000a44                __stack_abt_start__ = .
 *(.stack_abt .stack_abt.*)
                0x40000a44                . = ALIGN (MAX ((__stack_abt_start__ + __STACKSIZE_ABT__), .), 0x4)
                0x40000a44                __stack_abt_end__ = (__stack_abt_start__ + SIZEOF (.stack_abt))
                0x40000a44                __stack_abt_load_end__ = __stack_abt_end__
                0x00000001                . = ASSERT (((__stack_abt_end__ >= __SRAM_segment_start__) && (__stack_abt_end__ <= __SRAM_segment_end__)), error: .stack_abt is too large to fit in SRAM memory segment)
                0x40000a44                __stack_und_load_start__ = ALIGN (__stack_abt_end__, 0x4)

.stack_und      0x40000a44        0x0
                0x40000a44                __stack_und_start__ = .
 *(.stack_und .stack_und.*)
                0x40000a44                . = ALIGN (MAX ((__stack_und_start__ + __STACKSIZE_UND__), .), 0x4)
                0x40000a44                __stack_und_end__ = (__stack_und_start__ + SIZEOF (.stack_und))
                0x40000a44                __stack_und_load_end__ = __stack_und_end__
                0x00000001                . = ASSERT (((__stack_und_end__ >= __SRAM_segment_start__) && (__stack_und_end__ <= __SRAM_segment_end__)), error: .stack_und is too large to fit in SRAM memory segment)
                0x40000a44                __tbss_load_start__ = ALIGN (__stack_und_end__, 0x4)

.tbss           0x40000a44        0x0
                0x40000a44                __tbss_start__ = .
 *(.tbss .tbss.*)
                0x40000a44                __tbss_end__ = (__tbss_start__ + SIZEOF (.tbss))
                0x40000a44                __tbss_load_end__ = __tbss_end__
                0x00000001                . = ASSERT (((__tbss_end__ >= __SRAM_segment_start__) && (__tbss_end__ <= __SRAM_segment_end__)), error: .tbss is too large to fit in SRAM memory segment)
                0x00003bb0                __tdata_load_start__ = ALIGN ((__data_load_start__ + SIZEOF (.data)), 0x4)

.tdata          0x40000a44        0x0 load address 0x00003bb0
                0x40000a44                __tdata_start__ = .
 *(.tdata .tdata.*)
                0x40000a44                __tdata_end__ = (__tdata_start__ + SIZEOF (.tdata))
                0x00003bb0                __tdata_load_end__ = (__tdata_load_start__ + SIZEOF (.tdata))
                0x00003bb0                __FLASH_segment_used_end__ = (ALIGN ((__data_load_start__ + SIZEOF (.data)), 0x4) + SIZEOF (.tdata))
                0x00000001                . = ASSERT (((__tdata_load_end__ >= __FLASH_segment_start__) && (__tdata_load_end__ <= __FLASH_segment_end__)), error: .tdata is too large to fit in FLASH memory segment)

.tdata_run      0x40000a44        0x0
                0x40000a44                __tdata_run_start__ = .
                0x40000a44                . = MAX ((__tdata_run_start__ + SIZEOF (.tdata)), .)
                0x40000a44                __tdata_run_end__ = (__tdata_run_start__ + SIZEOF (.tdata_run))
                0x40000a44                __tdata_run_load_end__ = __tdata_run_end__
                0x40000a44                __SRAM_segment_used_end__ = (ALIGN (__tbss_end__, 0x4) + SIZEOF (.tdata_run))
                0x00000001                . = ASSERT (((__tdata_run_end__ >= __SRAM_segment_start__) && (__tdata_run_end__ <= __SRAM_segment_end__)), error: .tdata_run is too large to fit in SRAM memory segment)
START GROUP
LOAD ARM Flash Debug/another_main.o
LOAD ARM Flash Debug/gpio.o
LOAD ARM Flash Debug/keypad.o
LOAD ARM Flash Debug/HD44780U.o
LOAD ARM Flash Debug/crt0.o
LOAD ARM Flash Debug/Philips_LPC210X_Startup.o
LOAD ARM Flash Debug/LPC210x.o
LOAD ARM Flash Debug/VIC.o
LOAD ARM Flash Debug/VIC_irq_handler.o
LOAD C:/Users/janwe/AppData/Local/Rowley Associates Limited/CrossWorks for ARM/packages/lib/liblpc2000_v4t_a_le_eabi.a
LOAD C:/Program Files (x86)/Rowley Associates Limited/CrossWorks for ARM 2.3/lib/libarm_v4t_a_le_eabi.a
LOAD C:/Program Files (x86)/Rowley Associates Limited/CrossWorks for ARM 2.3/lib/libm_v4t_a_le_eabi.a
LOAD C:/Program Files (x86)/Rowley Associates Limited/CrossWorks for ARM 2.3/lib/libc_v4t_a_le_eabi.a
LOAD C:/Program Files (x86)/Rowley Associates Limited/CrossWorks for ARM 2.3/lib/libcpp_v4t_a_le_eabi.a
LOAD C:/Program Files (x86)/Rowley Associates Limited/CrossWorks for ARM 2.3/lib/libdebugio_v4t_a_le_eabi.a
LOAD C:/Program Files (x86)/Rowley Associates Limited/CrossWorks for ARM 2.3/lib/libc_targetio_impl_v4t_a_le_eabi.a
LOAD C:/Program Files (x86)/Rowley Associates Limited/CrossWorks for ARM 2.3/lib/libc_user_libc_v4t_a_le_eabi.a
END GROUP
OUTPUT(ARM Flash Debug/Vorlesung2015.elf elf32-littlearm)

.debug_frame    0x00000000     0x33a0
 .debug_frame   0x00000000       0x34 ARM Flash Debug/another_main.o
 .debug_frame   0x00000034       0xb0 ARM Flash Debug/gpio.o
 .debug_frame   0x000000e4       0x54 ARM Flash Debug/keypad.o
 .debug_frame   0x00000138      0x12c ARM Flash Debug/HD44780U.o
 .debug_frame   0x00000264       0x40 C:/Program Files (x86)/Rowley Associates Limited/CrossWorks for ARM 2.3/lib/libc_v4t_a_le_eabi.a(__vfprintf_double_long_long.o)
 .debug_frame   0x000002a4       0x8c C:/Program Files (x86)/Rowley Associates Limited/CrossWorks for ARM 2.3/lib/libc_v4t_a_le_eabi.a(__vfscanf_int.o)
 .debug_frame   0x00000330      0x260 C:/Program Files (x86)/Rowley Associates Limited/CrossWorks for ARM 2.3/lib/libc_v4t_a_le_eabi.a(libc_asm.o)
 .debug_frame   0x00000590     0x1210 C:/Program Files (x86)/Rowley Associates Limited/CrossWorks for ARM 2.3/lib/libc_v4t_a_le_eabi.a(libc2.o)
 .debug_frame   0x000017a0      0x120 C:/Program Files (x86)/Rowley Associates Limited/CrossWorks for ARM 2.3/lib/libc_v4t_a_le_eabi.a(libc2_asm.o)
 .debug_frame   0x000018c0      0x798 C:/Program Files (x86)/Rowley Associates Limited/CrossWorks for ARM 2.3/lib/libdebugio_v4t_a_le_eabi.a(libdebugio.o)
 .debug_frame   0x00002058       0xa0 C:/Program Files (x86)/Rowley Associates Limited/CrossWorks for ARM 2.3/lib/libc_user_libc_v4t_a_le_eabi.a(user_libc.o)
 .debug_frame   0x000020f8      0x2c0 C:/Program Files (x86)/Rowley Associates Limited/CrossWorks for ARM 2.3/lib/libarm_v4t_a_le_eabi.a(libarm.o)
 .debug_frame   0x000023b8       0x38 C:/Program Files (x86)/Rowley Associates Limited/CrossWorks for ARM 2.3/lib/libarm_v4t_a_le_eabi.a(libarm_run_dcc_port_server.o)
 .debug_frame   0x000023f0      0x640 C:/Program Files (x86)/Rowley Associates Limited/CrossWorks for ARM 2.3/lib/libm_v4t_a_le_eabi.a(libm_asm.o)
 .debug_frame   0x00002a30      0x970 C:/Program Files (x86)/Rowley Associates Limited/CrossWorks for ARM 2.3/lib/libm_v4t_a_le_eabi.a(libm2.o)

.debug_info     0x00000000     0x2091
 .debug_info    0x00000000       0xb7 ARM Flash Debug/another_main.o
 .debug_info    0x000000b7      0x10c ARM Flash Debug/gpio.o
 .debug_info    0x000001c3       0x94 ARM Flash Debug/keypad.o
 .debug_info    0x00000257      0x1db ARM Flash Debug/HD44780U.o
 .debug_info    0x00000432       0xb9 ARM Flash Debug/crt0.o
 .debug_info    0x000004eb       0xe4 ARM Flash Debug/Philips_LPC210X_Startup.o
 .debug_info    0x000005cf       0xe0 ARM Flash Debug/VIC_irq_handler.o
 .debug_info    0x000006af       0x37 C:/Program Files (x86)/Rowley Associates Limited/CrossWorks for ARM 2.3/lib/libc_v4t_a_le_eabi.a(__vfprintf_double_long_long.o)
 .debug_info    0x000006e6       0x68 C:/Program Files (x86)/Rowley Associates Limited/CrossWorks for ARM 2.3/lib/libc_v4t_a_le_eabi.a(__vfscanf_int.o)
 .debug_info    0x0000074e      0xcf6 C:/Program Files (x86)/Rowley Associates Limited/CrossWorks for ARM 2.3/lib/libc_v4t_a_le_eabi.a(libc2.o)
 .debug_info    0x00001444      0x574 C:/Program Files (x86)/Rowley Associates Limited/CrossWorks for ARM 2.3/lib/libdebugio_v4t_a_le_eabi.a(libdebugio.o)
 .debug_info    0x000019b8       0xd6 C:/Program Files (x86)/Rowley Associates Limited/CrossWorks for ARM 2.3/lib/libc_user_libc_v4t_a_le_eabi.a(user_libc.o)
 .debug_info    0x00001a8e       0x37 C:/Program Files (x86)/Rowley Associates Limited/CrossWorks for ARM 2.3/lib/libarm_v4t_a_le_eabi.a(libarm_run_dcc_port_server.o)
 .debug_info    0x00001ac5      0x5cc C:/Program Files (x86)/Rowley Associates Limited/CrossWorks for ARM 2.3/lib/libm_v4t_a_le_eabi.a(libm2.o)

.debug_abbrev   0x00000000      0x525
 .debug_abbrev  0x00000000       0x89 ARM Flash Debug/another_main.o
 .debug_abbrev  0x00000089       0x8b ARM Flash Debug/gpio.o
 .debug_abbrev  0x00000114       0x63 ARM Flash Debug/keypad.o
 .debug_abbrev  0x00000177       0xf8 ARM Flash Debug/HD44780U.o
 .debug_abbrev  0x0000026f       0x14 ARM Flash Debug/crt0.o
 .debug_abbrev  0x00000283       0x12 ARM Flash Debug/Philips_LPC210X_Startup.o
 .debug_abbrev  0x00000295       0x14 ARM Flash Debug/VIC_irq_handler.o
 .debug_abbrev  0x000002a9       0x28 C:/Program Files (x86)/Rowley Associates Limited/CrossWorks for ARM 2.3/lib/libc_v4t_a_le_eabi.a(__vfprintf_double_long_long.o)
 .debug_abbrev  0x000002d1       0x49 C:/Program Files (x86)/Rowley Associates Limited/CrossWorks for ARM 2.3/lib/libc_v4t_a_le_eabi.a(__vfscanf_int.o)
 .debug_abbrev  0x0000031a       0xcb C:/Program Files (x86)/Rowley Associates Limited/CrossWorks for ARM 2.3/lib/libc_v4t_a_le_eabi.a(libc2.o)
 .debug_abbrev  0x000003e5       0x3e C:/Program Files (x86)/Rowley Associates Limited/CrossWorks for ARM 2.3/lib/libdebugio_v4t_a_le_eabi.a(libdebugio.o)
 .debug_abbrev  0x00000423       0x28 C:/Program Files (x86)/Rowley Associates Limited/CrossWorks for ARM 2.3/lib/libc_user_libc_v4t_a_le_eabi.a(user_libc.o)
 .debug_abbrev  0x0000044b       0x28 C:/Program Files (x86)/Rowley Associates Limited/CrossWorks for ARM 2.3/lib/libarm_v4t_a_le_eabi.a(libarm_run_dcc_port_server.o)
 .debug_abbrev  0x00000473       0xb2 C:/Program Files (x86)/Rowley Associates Limited/CrossWorks for ARM 2.3/lib/libm_v4t_a_le_eabi.a(libm2.o)

.debug_loc      0x00000000     0x2322
 .debug_loc     0x00000000       0x2c ARM Flash Debug/another_main.o
 .debug_loc     0x0000002c       0xdc ARM Flash Debug/gpio.o
 .debug_loc     0x00000108       0x58 ARM Flash Debug/keypad.o
 .debug_loc     0x00000160      0x160 ARM Flash Debug/HD44780U.o
 .debug_loc     0x000002c0       0x2d C:/Program Files (x86)/Rowley Associates Limited/CrossWorks for ARM 2.3/lib/libc_v4t_a_le_eabi.a(__vfprintf_double_long_long.o)
 .debug_loc     0x000002ed       0x79 C:/Program Files (x86)/Rowley Associates Limited/CrossWorks for ARM 2.3/lib/libc_v4t_a_le_eabi.a(__vfscanf_int.o)
 .debug_loc     0x00000366      0xf12 C:/Program Files (x86)/Rowley Associates Limited/CrossWorks for ARM 2.3/lib/libc_v4t_a_le_eabi.a(libc2.o)
 .debug_loc     0x00001278      0x820 C:/Program Files (x86)/Rowley Associates Limited/CrossWorks for ARM 2.3/lib/libdebugio_v4t_a_le_eabi.a(libdebugio.o)
 .debug_loc     0x00001a98       0x20 C:/Program Files (x86)/Rowley Associates Limited/CrossWorks for ARM 2.3/lib/libarm_v4t_a_le_eabi.a(libarm_run_dcc_port_server.o)
 .debug_loc     0x00001ab8      0x86a C:/Program Files (x86)/Rowley Associates Limited/CrossWorks for ARM 2.3/lib/libm_v4t_a_le_eabi.a(libm2.o)

.debug_aranges  0x00000000      0xb68
 .debug_aranges
                0x00000000       0x20 ARM Flash Debug/another_main.o
 .debug_aranges
                0x00000020       0x40 ARM Flash Debug/gpio.o
 .debug_aranges
                0x00000060       0x28 ARM Flash Debug/keypad.o
 .debug_aranges
                0x00000088       0x58 ARM Flash Debug/HD44780U.o
 .debug_aranges
                0x000000e0       0x20 ARM Flash Debug/crt0.o
 .debug_aranges
                0x00000100       0x28 ARM Flash Debug/Philips_LPC210X_Startup.o
 .debug_aranges
                0x00000128       0x20 ARM Flash Debug/VIC_irq_handler.o
 .debug_aranges
                0x00000148       0x20 C:/Program Files (x86)/Rowley Associates Limited/CrossWorks for ARM 2.3/lib/libc_v4t_a_le_eabi.a(__vfprintf_double_long_long.o)
 .debug_aranges
                0x00000168       0x30 C:/Program Files (x86)/Rowley Associates Limited/CrossWorks for ARM 2.3/lib/libc_v4t_a_le_eabi.a(__vfscanf_int.o)
 .debug_aranges
                0x00000198      0x508 C:/Program Files (x86)/Rowley Associates Limited/CrossWorks for ARM 2.3/lib/libc_v4t_a_le_eabi.a(libc2.o)
 .debug_aranges
                0x000006a0      0x220 C:/Program Files (x86)/Rowley Associates Limited/CrossWorks for ARM 2.3/lib/libdebugio_v4t_a_le_eabi.a(libdebugio.o)
 .debug_aranges
                0x000008c0       0x60 C:/Program Files (x86)/Rowley Associates Limited/CrossWorks for ARM 2.3/lib/libc_user_libc_v4t_a_le_eabi.a(user_libc.o)
 .debug_aranges
                0x00000920       0x20 C:/Program Files (x86)/Rowley Associates Limited/CrossWorks for ARM 2.3/lib/libarm_v4t_a_le_eabi.a(libarm_run_dcc_port_server.o)
 .debug_aranges
                0x00000940      0x228 C:/Program Files (x86)/Rowley Associates Limited/CrossWorks for ARM 2.3/lib/libm_v4t_a_le_eabi.a(libm2.o)

.debug_ranges   0x00000000      0xa70
 .debug_ranges  0x00000000       0x10 ARM Flash Debug/another_main.o
 .debug_ranges  0x00000010       0x30 ARM Flash Debug/gpio.o
 .debug_ranges  0x00000040       0x18 ARM Flash Debug/keypad.o
 .debug_ranges  0x00000058       0x48 ARM Flash Debug/HD44780U.o
 .debug_ranges  0x000000a0       0x20 ARM Flash Debug/Philips_LPC210X_Startup.o
 .debug_ranges  0x000000c0       0x10 C:/Program Files (x86)/Rowley Associates Limited/CrossWorks for ARM 2.3/lib/libc_v4t_a_le_eabi.a(__vfprintf_double_long_long.o)
 .debug_ranges  0x000000d0       0x20 C:/Program Files (x86)/Rowley Associates Limited/CrossWorks for ARM 2.3/lib/libc_v4t_a_le_eabi.a(__vfscanf_int.o)
 .debug_ranges  0x000000f0      0x4f8 C:/Program Files (x86)/Rowley Associates Limited/CrossWorks for ARM 2.3/lib/libc_v4t_a_le_eabi.a(libc2.o)
 .debug_ranges  0x000005e8      0x210 C:/Program Files (x86)/Rowley Associates Limited/CrossWorks for ARM 2.3/lib/libdebugio_v4t_a_le_eabi.a(libdebugio.o)
 .debug_ranges  0x000007f8       0x50 C:/Program Files (x86)/Rowley Associates Limited/CrossWorks for ARM 2.3/lib/libc_user_libc_v4t_a_le_eabi.a(user_libc.o)
 .debug_ranges  0x00000848       0x10 C:/Program Files (x86)/Rowley Associates Limited/CrossWorks for ARM 2.3/lib/libarm_v4t_a_le_eabi.a(libarm_run_dcc_port_server.o)
 .debug_ranges  0x00000858      0x218 C:/Program Files (x86)/Rowley Associates Limited/CrossWorks for ARM 2.3/lib/libm_v4t_a_le_eabi.a(libm2.o)

.debug_line     0x00000000     0x170a
 .debug_line    0x00000000       0x8e ARM Flash Debug/another_main.o
 .debug_line    0x0000008e       0xd9 ARM Flash Debug/gpio.o
 .debug_line    0x00000167      0x150 ARM Flash Debug/keypad.o
 .debug_line    0x000002b7      0x152 ARM Flash Debug/HD44780U.o
 .debug_line    0x00000409      0x120 ARM Flash Debug/crt0.o
 .debug_line    0x00000529       0xf4 ARM Flash Debug/Philips_LPC210X_Startup.o
 .debug_line    0x0000061d       0xc0 ARM Flash Debug/VIC_irq_handler.o
 .debug_line    0x000006dd       0x75 C:/Program Files (x86)/Rowley Associates Limited/CrossWorks for ARM 2.3/lib/libc_v4t_a_le_eabi.a(__vfprintf_double_long_long.o)
 .debug_line    0x00000752       0x74 C:/Program Files (x86)/Rowley Associates Limited/CrossWorks for ARM 2.3/lib/libc_v4t_a_le_eabi.a(__vfscanf_int.o)
 .debug_line    0x000007c6      0x5b3 C:/Program Files (x86)/Rowley Associates Limited/CrossWorks for ARM 2.3/lib/libc_v4t_a_le_eabi.a(libc2.o)
 .debug_line    0x00000d79      0x56a C:/Program Files (x86)/Rowley Associates Limited/CrossWorks for ARM 2.3/lib/libdebugio_v4t_a_le_eabi.a(libdebugio.o)
 .debug_line    0x000012e3       0x74 C:/Program Files (x86)/Rowley Associates Limited/CrossWorks for ARM 2.3/lib/libc_user_libc_v4t_a_le_eabi.a(user_libc.o)
 .debug_line    0x00001357       0x87 C:/Program Files (x86)/Rowley Associates Limited/CrossWorks for ARM 2.3/lib/libarm_v4t_a_le_eabi.a(libarm_run_dcc_port_server.o)
 .debug_line    0x000013de      0x32c C:/Program Files (x86)/Rowley Associates Limited/CrossWorks for ARM 2.3/lib/libm_v4t_a_le_eabi.a(libm2.o)

.debug_str      0x00000000     0x1015
 .debug_str     0x00000000      0x10f ARM Flash Debug/another_main.o
                                0x11d (size before relaxing)
 .debug_str     0x0000010f       0x8d ARM Flash Debug/gpio.o
                                 0xd6 (size before relaxing)
 .debug_str     0x0000019c       0xa1 ARM Flash Debug/keypad.o
                                 0xef (size before relaxing)
 .debug_str     0x0000023d       0xc3 ARM Flash Debug/HD44780U.o
                                0x146 (size before relaxing)
 .debug_str     0x00000300       0x71 C:/Program Files (x86)/Rowley Associates Limited/CrossWorks for ARM 2.3/lib/libc_v4t_a_le_eabi.a(__vfprintf_double_long_long.o)
                                 0xba (size before relaxing)
 .debug_str     0x00000371       0x7c C:/Program Files (x86)/Rowley Associates Limited/CrossWorks for ARM 2.3/lib/libc_v4t_a_le_eabi.a(__vfscanf_int.o)
                                 0xc5 (size before relaxing)
 .debug_str     0x000003ed      0x57f C:/Program Files (x86)/Rowley Associates Limited/CrossWorks for ARM 2.3/lib/libc_v4t_a_le_eabi.a(libc2.o)
                                0x655 (size before relaxing)
 .debug_str     0x0000096c      0x3cc C:/Program Files (x86)/Rowley Associates Limited/CrossWorks for ARM 2.3/lib/libdebugio_v4t_a_le_eabi.a(libdebugio.o)
                                0x415 (size before relaxing)
 .debug_str     0x00000d38       0xd2 C:/Program Files (x86)/Rowley Associates Limited/CrossWorks for ARM 2.3/lib/libc_user_libc_v4t_a_le_eabi.a(user_libc.o)
                                0x11b (size before relaxing)
 .debug_str     0x00000e0a       0x82 C:/Program Files (x86)/Rowley Associates Limited/CrossWorks for ARM 2.3/lib/libarm_v4t_a_le_eabi.a(libarm_run_dcc_port_server.o)
                                 0xcb (size before relaxing)
 .debug_str     0x00000e8c      0x189 C:/Program Files (x86)/Rowley Associates Limited/CrossWorks for ARM 2.3/lib/libm_v4t_a_le_eabi.a(libm2.o)
                                0x212 (size before relaxing)

.comment        0x00000000       0x4e
 .comment       0x00000000       0x4e ARM Flash Debug/another_main.o
                                 0x4f (size before relaxing)
 .comment       0x00000000       0x4f ARM Flash Debug/gpio.o
 .comment       0x00000000       0x4f ARM Flash Debug/keypad.o
 .comment       0x00000000       0x4f ARM Flash Debug/HD44780U.o
 .comment       0x00000000       0x4f C:/Program Files (x86)/Rowley Associates Limited/CrossWorks for ARM 2.3/lib/libc_v4t_a_le_eabi.a(__vfprintf_double_long_long.o)
 .comment       0x00000000       0x4f C:/Program Files (x86)/Rowley Associates Limited/CrossWorks for ARM 2.3/lib/libc_v4t_a_le_eabi.a(__vfscanf_int.o)
 .comment       0x00000000       0x4f C:/Program Files (x86)/Rowley Associates Limited/CrossWorks for ARM 2.3/lib/libc_v4t_a_le_eabi.a(libc2.o)
 .comment       0x00000000       0x4f C:/Program Files (x86)/Rowley Associates Limited/CrossWorks for ARM 2.3/lib/libdebugio_v4t_a_le_eabi.a(libdebugio.o)
 .comment       0x00000000       0x4f C:/Program Files (x86)/Rowley Associates Limited/CrossWorks for ARM 2.3/lib/libc_user_libc_v4t_a_le_eabi.a(user_libc.o)
 .comment       0x00000000       0x4f C:/Program Files (x86)/Rowley Associates Limited/CrossWorks for ARM 2.3/lib/libarm_v4t_a_le_eabi.a(libarm_run_dcc_port_server.o)
 .comment       0x00000000       0x4f C:/Program Files (x86)/Rowley Associates Limited/CrossWorks for ARM 2.3/lib/libm_v4t_a_le_eabi.a(libm2.o)

.ARM.attributes
                0x00000000       0x32
 .ARM.attributes
                0x00000000       0x32 ARM Flash Debug/another_main.o
 .ARM.attributes
                0x00000032       0x32 ARM Flash Debug/gpio.o
 .ARM.attributes
                0x00000064       0x32 ARM Flash Debug/keypad.o
 .ARM.attributes
                0x00000096       0x32 ARM Flash Debug/HD44780U.o
 .ARM.attributes
                0x000000c8       0x24 ARM Flash Debug/crt0.o
 .ARM.attributes
                0x000000ec       0x24 ARM Flash Debug/Philips_LPC210X_Startup.o
 .ARM.attributes
                0x00000110       0x24 ARM Flash Debug/VIC_irq_handler.o
 .ARM.attributes
                0x00000134       0x2a C:/Program Files (x86)/Rowley Associates Limited/CrossWorks for ARM 2.3/lib/libc_v4t_a_le_eabi.a(__vfprintf_double_long_long.o)
 .ARM.attributes
                0x0000015e       0x2a C:/Program Files (x86)/Rowley Associates Limited/CrossWorks for ARM 2.3/lib/libc_v4t_a_le_eabi.a(__vfscanf_int.o)
 .ARM.attributes
                0x00000188       0x1c C:/Program Files (x86)/Rowley Associates Limited/CrossWorks for ARM 2.3/lib/libc_v4t_a_le_eabi.a(libc_asm.o)
 .ARM.attributes
                0x000001a4       0x2a C:/Program Files (x86)/Rowley Associates Limited/CrossWorks for ARM 2.3/lib/libc_v4t_a_le_eabi.a(libc2.o)
 .ARM.attributes
                0x000001ce       0x1c C:/Program Files (x86)/Rowley Associates Limited/CrossWorks for ARM 2.3/lib/libc_v4t_a_le_eabi.a(libc2_asm.o)
 .ARM.attributes
                0x000001ea       0x2a C:/Program Files (x86)/Rowley Associates Limited/CrossWorks for ARM 2.3/lib/libdebugio_v4t_a_le_eabi.a(libdebugio.o)
 .ARM.attributes
                0x00000214       0x2a C:/Program Files (x86)/Rowley Associates Limited/CrossWorks for ARM 2.3/lib/libc_user_libc_v4t_a_le_eabi.a(user_libc.o)
 .ARM.attributes
                0x0000023e       0x1c C:/Program Files (x86)/Rowley Associates Limited/CrossWorks for ARM 2.3/lib/libarm_v4t_a_le_eabi.a(libarm.o)
 .ARM.attributes
                0x0000025a       0x2a C:/Program Files (x86)/Rowley Associates Limited/CrossWorks for ARM 2.3/lib/libarm_v4t_a_le_eabi.a(libarm_run_dcc_port_server.o)
 .ARM.attributes
                0x00000284       0x1c C:/Program Files (x86)/Rowley Associates Limited/CrossWorks for ARM 2.3/lib/libm_v4t_a_le_eabi.a(libm_asm.o)
 .ARM.attributes
                0x000002a0       0x2a C:/Program Files (x86)/Rowley Associates Limited/CrossWorks for ARM 2.3/lib/libm_v4t_a_le_eabi.a(libm2.o)
